<Autume_qscz> 今天我们成人礼
<QingXia_Ela> rue
<QingXia_Ela> 我们推迟了
<Autume_qscz> 和女孩子拍照的感觉真不错
<QingXia_Ela> 我们学校大把人生病
<QingXia_Ela> 草草草
<QingXia_Ela> 针不戳
<QingXia_Ela> 我也想和女孩子拍照
<QingXia_Ela> 你说的那个女孩子，她好看嘛
<Autume_qscz> 你指的哪一个
<QingXia_Ela> 草
<Autume_qscz> 233
<QingXia_Ela> wdnmd
<QingXia_Ela> 唉
<QingXia_Ela> 有点酸
<Autume_qscz> 我觉得天天中午一起去吃饭的那个女生今天特别漂亮
<Autume_qscz> 不要想太多
<QingXia_Ela> 好了你够了
<Autume_qscz> 我没有谈恋爱
<QingXia_Ela> 霞之丘诗羽天下第一
<Autume_qscz> 噗
<QingXia_Ela> 我已是阅片无数
<QingXia_Ela> 对女色从不贪恋
<Autume_qscz> 啊这
<Autume_qscz> 草
<QingXia_Ela> RIP
<Autume_qscz> 还有人啊
<AyaruIce> ....
<Autume_qscz> 草
<QingXia_Ela> 危
<Autume_qscz> 原来这么多人...
<Autume_qscz> 尴尬了....
<QingXia_Ela> 很好
<2233__luoni> 2333
<Autume_qscz> (羞
<QingXia_Ela> 其实心里很开心
<Autume_qscz> 没
<Autume_qscz> 我说的那个女孩是一般朋友之上，男女朋友之下
<QingXia_Ela> 那够啦
<QingXia_Ela> 我初中的时候就有那些想法
<QingXia_Ela> 但是时间长了就慢慢被消磨完了
<Autume_qscz> 没想法
<Autume_qscz> 就是以前坐前后桌
<Autume_qscz> 一起聊天聊久了
<Autume_qscz> 发现是同一类人
<QingXia_Ela> 针不戳
<Autume_qscz> 知己好吧！！！
<Autume_qscz> 相见恨晚
<2233__luoni> 做个人吧mian】
<QingXia_Ela> 我就以前学吉他的时候，认识的一个女的
<Autume_qscz> 好家伙，金头盔
<QingXia_Ela> 现在去了星海附中
<Mian_pwp> qwq
<Autume_qscz> awa
<Autume_qscz> 我认识的女孩子挺多的awa
<QingXia_Ela> 懂什么，这叫做黄色眼镜
<Autume_qscz> 233
<Autume_qscz> 今天只找到了3，4个
<Autume_qscz> 还有好多没找到...
<Autume_qscz> 太乱了
<QingXia_Ela> 草
<Autume_qscz> 原本是我想去拍照的
<Autume_qscz> 结果刚刚接近
<QingXia_Ela> 好了我知道有很多女孩子想跟拍照
<QingXia_Ela> 555
<Autume_qscz> 对面反而说：轩轩！！终于找到你了，找你半天了！
<QingXia_Ela> rue
<Autume_qscz> 我反而无语了...
<QingXia_Ela> 嗯
<QingXia_Ela> 呢
<QingXia_Ela> 嗯嗯
<QingXia_Ela> (wdnmd)
<Autume_qscz> 表面:mmp
<QingXia_Ela> （很开心
<Autume_qscz> 心里：（
<Autume_qscz> 你们懂得
<QingXia_Ela> :((
<QingXia_Ela> 哎
<Autume_qscz> 危
<QingXia_Ela> 突然觉得高中生活好无聊
<QingXia_Ela> 虽然加了社团
<Autume_qscz> 我也加了社团
<QingXia_Ela> 我们学校的社团很饭圈化
<Autume_qscz> az
<QingXia_Ela> 已经开始造星了
<QingXia_Ela> 懂我啥意思吧
<Autume_qscz> 我们是玩航模的
<Autume_qscz> rue
<QingXia_Ela> 针不戳
<QingXia_Ela> 我们学校没钱搞社团
<Autume_qscz> 之前和一个女孩子闹掰了
<QingXia_Ela> 草
<QingXia_Ela> 三两句又一个女孩子
<Autume_qscz> 然后经过千辛万苦和好了qwq
<QingXia_Ela> QAQ
<Autume_qscz> 因为今天刚刚拍完照嘛
<QingXia_Ela> rue
<Autume_qscz> 千辛万苦和好后...
Mian_pwp joined the game
<Autume_qscz> 比之前还好qwq
<QingXia_Ela> 唉
<Autume_qscz> 然后还带我去了女生宿舍...
<QingXia_Ela> 感觉自己的高中太不完整了
<QingXia_Ela> ??
<QingXia_Ela> 好
<Autume_qscz> 不要想歪
<QingXia_Ela> 我知道
<QingXia_Ela> 但我还是很生气
<QingXia_Ela> 555
<Autume_qscz> qwq
<QingXia_Ela> 哈哈哈，我tm笑着玩mc
<Mian_pwp> ，了解地形，夜袭女生宿舍/滑稽
<Autume_qscz> 草
<QingXia_Ela> 针不戳
<2233__luoni> 女生宿舍我以了如指掌
<Mian_pwp> qw
<Autume_qscz> 我在创造打字看得到吗
<QingXia_Ela> 看不到
<Autume_qscz> az
<QingXia_Ela> chatbridge插件好像坏了？
<Autume_qscz> 早坏了
<QingXia_Ela> rue
<Autume_qscz> 记得当时
<Autume_qscz> 我和她坐前后桌
<QingXia_Ela> 然后被主任抓到的那个晚上
<Autume_qscz> 草
<Mian_pwp> ..
<Autume_qscz> 没
<Autume_qscz> 我想起来她开的一个玩笑qwq
<QingXia_Ela> awa
<Autume_qscz> 一天我回班刚好遇到她
<Autume_qscz> 她在吃甜筒
<Autume_qscz> 就问，你吃吗？
<Autume_qscz> 我：懵逼
<Autume_qscz> 她：然后被抓男女交往果米
<Autume_qscz> 过密
<Autume_qscz> 然后一起滚去写检讨
<Autume_qscz> 我:.....
<QingXia_Ela> 过 分 亲 密
<Autume_qscz> 所以我想说
<Autume_qscz> 按我那破学校那标准
<QingXia_Ela> 我们学校的话
<QingXia_Ela> 只要不被德育处领导看见就好
<QingXia_Ela> 我们班有一对
<Autume_qscz> 我分分钟就被误认为贪恋爱
<Autume_qscz> 和
<Autume_qscz> 呵呵
<Autume_qscz> 我初中的时候
<Autume_qscz> 有一对
<QingXia_Ela> 好了知道有很多女孩子和你很好了
<QingXia_Ela> 555
<Autume_qscz> 谈恋爱
<QingXia_Ela> 嗯
<Autume_qscz> 然后执着到老师都不想解决了
<Mian_pwp> .
<Autume_qscz> 就睁一只眼闭一只眼
<Autume_qscz> 然后..
<QingXia_Ela> xd
<QingXia_Ela> 这挺好的
<Autume_qscz> 他们一起上了广雅...
<QingXia_Ela> 草
<QingXia_Ela> 感觉是广州重点中学？
<Autume_qscz> 另一对一起上了六中
<Autume_qscz> 是的
<QingXia_Ela> rue
<Autume_qscz> 不是数一数二也很厉害了
<Autume_qscz> 我是废物
<QingXia_Ela> en
<QingXia_Ela> 草
<QingXia_Ela> 有时死读书没好处
<Autume_qscz> 所以说
<Autume_qscz> 女孩子是世界上最美好的生物(
<Autume_qscz> 233
<QingXia_Ela> rue
<Autume_qscz> 我觉得最舒服的时候还是
<QingXia_Ela> 我每天晚上只能把我被子卷成一条
<QingXia_Ela> 然后抱着睡觉
<Autume_qscz> 我坐前面
<QingXia_Ela> (眼里闪烁着泪花)
<Autume_qscz> 她坐后面
<QingXia_Ela> 555
<Autume_qscz> （晚自习
<Autume_qscz> 然后忽
<Autume_qscz> 忽然背上
<Autume_qscz> 有一只手qwq
<Autume_qscz> 轻轻摸着qwq
<QingXia_Ela> = =
<Autume_qscz> 真的舒服！！！！！！
<Autume_qscz> 啊！！！！
<QingXia_Ela> 我现在退服来得及吗
<Autume_qscz> 不行
<QingXia_Ela> 我哭了
<QingXia_Ela> 这服里就我一个垃圾了呜啊啊啊啊
<QingXia_Ela> 去p站缓冲一手
<QingXia_Ela> 唉
<QingXia_Ela> 早知道吉他就走弹唱路线好了
<QingXia_Ela> 学指弹的都没老婆
<Autume_qscz> awa
<QingXia_Ela> 唯一认识的已经是两个世界的人了
<Autume_qscz> az
<Autume_qscz> 草
<QingXia_Ela> 两个境界不一样
<QingXia_Ela> 她在星海，我在普高
<QingXia_Ela> 虽然我那个学校是星海对接的
<Autume_qscz> 虽然我承认...她长得确实不是很漂亮
<QingXia_Ela> 但我读的普通班啊啊啊
<Autume_qscz> 但是....
<Autume_qscz> 知己啊！！！！！！！！！！！！！
<QingXia_Ela> 555
<QingXia_Ela> 唉
<QingXia_Ela> 以为社团能遇到春物
<Autume_qscz> 加油吧
<Autume_qscz> 我和她的成绩差别也很大
<QingXia_Ela> rue
<Autume_qscz> 所以...
<QingXia_Ela> 在学校就认真学校，在家里就好好玩呗
<Autume_qscz> 是啊
<Autume_qscz> 还有177天
<QingXia_Ela> 我联考完就直接请假回家
<QingXia_Ela> 本来要多上一天课
<Autume_qscz> 我玩的时间应该会越来越少的
<QingXia_Ela> xd
<QingXia_Ela> 差不多了
<QingXia_Ela> 我主要是入冬后
<QingXia_Ela> 身体素质急剧下降
<QingXia_Ela> 少了2天课
<QingXia_Ela> 555
<Autume_qscz> az
<QingXia_Ela> 我现在体重才96
<QingXia_Ela> 斤
<Autume_qscz> ...........
<QingXia_Ela> 555
<QingXia_Ela> 摸了
